// Jest Snapshot v1, https://goo.gl/fbAQLP

exports[`Block Datacard expands 1`] = `
<div
  className="sc-dnqmqq gPmenV"
  onClick={[Function]}
>
  <div
    className="sc-bdVaJa jGVUjf"
  >
    <div>
       Block 
      1437576
       
    </div>
    <div
      className="sc-bwzfXH jPuMXn"
    >
       
      0015ef887c1badff4d207fc03af2ceb78f935ba380e45b71b601901ddb7e508d
       
    </div>
  </div>
  <div
    className="sc-EHOje kovVMd"
  >
    <div
      className="sc-bZQynM kzlsZH"
    >
      produced by  
      <div
        className="sc-ifAKCX eXRWbD"
      >
        eosio
      </div>
    </div>
    <div
      className="sc-bZQynM kzlsZH"
    >
      at  
      <div
        className="sc-ifAKCX eXRWbD"
      >
        2018/05/17 04:34:36
      </div>
    </div>
    <div
      className="sc-bZQynM kzlsZH"
    >
      <div
        className="sc-ifAKCX eXRWbD"
      >
        0
      </div>
        transactions
    </div>
  </div>
</div>
`;
